#-----------------------------------------------------------
# Vivado v2022.1 (64-bit)
# SW Build 3526262 on Mon Apr 18 15:48:16 MDT 2022
# IP Build 3524634 on Mon Apr 18 20:55:01 MDT 2022
# Start of session at: Mon Nov 28 10:07:53 2022
# Process ID: 588
# Current directory: D:/progetti/esercizio_5/5_Cronometro
# Command line: vivado.exe -gui_launcher_event rodinguilauncherevent15692 D:\progetti\esercizio_5\5_Cronometro\5_Cronometro.xpr
# Log file: D:/progetti/esercizio_5/5_Cronometro/vivado.log
# Journal file: D:/progetti/esercizio_5/5_Cronometro\vivado.jou
# Running On: DESKTOP-KMOCJAH, OS: Windows, CPU Frequency: 2304 MHz, CPU Physical cores: 4, Host memory: 8442 MB
#-----------------------------------------------------------
start_gui
open_project D:/progetti/esercizio_5/5_Cronometro/5_Cronometro.xpr
update_compile_order -fileset sources_1
reset_run synth_1
launch_runs synth_1 -jobs 4
wait_on_run synth_1
close [ open D:/progetti/esercizio_5/5_Cronometro/5_Cronometro.srcs/sources_1/new/selettore_display.vhd w ]
add_files D:/progetti/esercizio_5/5_Cronometro/5_Cronometro.srcs/sources_1/new/selettore_display.vhd
close [ open D:/progetti/esercizio_5/5_Cronometro/5_Cronometro.srcs/sources_1/new/gestore_anodi.vhd w ]
add_files D:/progetti/esercizio_5/5_Cronometro/5_Cronometro.srcs/sources_1/new/gestore_anodi.vhd
close [ open D:/progetti/esercizio_5/5_Cronometro/5_Cronometro.srcs/sources_1/new/contatore_modulo_8_display.vhd w ]
add_files D:/progetti/esercizio_5/5_Cronometro/5_Cronometro.srcs/sources_1/new/contatore_modulo_8_display.vhd
close [ open D:/progetti/esercizio_5/5_Cronometro/5_Cronometro.srcs/sources_1/new/divisore_display.vhd w ]
add_files D:/progetti/esercizio_5/5_Cronometro/5_Cronometro.srcs/sources_1/new/divisore_display.vhd
update_compile_order -fileset sources_1
