#-----------------------------------------------------------
# Vivado v2022.1 (64-bit)
# SW Build 3526262 on Mon Apr 18 15:48:16 MDT 2022
# IP Build 3524634 on Mon Apr 18 20:55:01 MDT 2022
# Start of session at: Thu Dec  1 00:00:00 2022
# Process ID: 8740
# Current directory: C:/Users/bobbo/Documents/5_Cronometro
# Command line: vivado.exe -gui_launcher_event rodinguilauncherevent20664 C:\Users\bobbo\Documents\5_Cronometro\5_Cronometro.xpr
# Log file: C:/Users/bobbo/Documents/5_Cronometro/vivado.log
# Journal file: C:/Users/bobbo/Documents/5_Cronometro\vivado.jou
# Running On: DESKTOP-IR34L4A, OS: Windows, CPU Frequency: 4200 MHz, CPU Physical cores: 12, Host memory: 17101 MB
#-----------------------------------------------------------
start_gui
open_project C:/Users/bobbo/Documents/5_Cronometro/5_Cronometro.xpr
update_compile_order -fileset sources_1
open_hw_manager
connect_hw_server -allow_non_jtag
open_hw_target
set_property PROGRAM.FILE {C:/Users/bobbo/Documents/5_Cronometro/5_Cronometro.runs/impl_1/cronometro_con_display.bit} [get_hw_devices xc7a50t_0]
current_hw_device [get_hw_devices xc7a50t_0]
refresh_hw_device -update_hw_probes false [lindex [get_hw_devices xc7a50t_0] 0]
set_property SOURCE_SET sources_1 [get_filesets sim_1]
add_files -fileset sim_1 -norecurse C:/Users/bobbo/Documents/GitHub/esercizi-di-architettura-e-sistemi-digitali/5_Cronometro/5_Cronometro.srcs/sim_1/new/Cronometro_tb.vhd
update_compile_order -fileset sim_1
update_compile_order -fileset sim_1
launch_simulation
source Cronometro_tb.tcl
close_sim
launch_simulation
source Cronometro_tb.tcl
add_bp {C:/Users/bobbo/Documents/file vhdl/gestore_catodi.vhd} 82
remove_bps -file {C:/Users/bobbo/Documents/file vhdl/gestore_catodi.vhd} -line 82
add_bp {C:/Users/bobbo/Documents/file vhdl/gestore_catodi.vhd} 82
remove_bps -file {C:/Users/bobbo/Documents/file vhdl/gestore_catodi.vhd} -line 82
add_bp {C:/Users/bobbo/Documents/file vhdl/gestore_catodi.vhd} 82
add_bp {C:/Users/bobbo/Documents/file vhdl/gestore_catodi.vhd} 81
remove_bps -file {C:/Users/bobbo/Documents/file vhdl/gestore_catodi.vhd} -line 81
remove_bps -file {C:/Users/bobbo/Documents/file vhdl/gestore_catodi.vhd} -line 82
add_bp {C:/Users/bobbo/Documents/file vhdl/gestore_catodi.vhd} 82
remove_bps -file {C:/Users/bobbo/Documents/file vhdl/gestore_catodi.vhd} -line 82
add_bp {C:/Users/bobbo/Documents/file vhdl/gestore_catodi.vhd} 82
remove_bps -file {C:/Users/bobbo/Documents/file vhdl/gestore_catodi.vhd} -line 82
add_bp {C:/Users/bobbo/Documents/file vhdl/gestore_catodi.vhd} 82
remove_bps -file {C:/Users/bobbo/Documents/file vhdl/gestore_catodi.vhd} -line 82
close_sim
launch_simulation
source Cronometro_tb.tcl
close_sim
launch_simulation
source Cronometro_tb.tcl
close_sim
reset_run synth_1
launch_runs impl_1 -to_step write_bitstream -jobs 12
wait_on_run impl_1
set_property PROBES.FILE {} [get_hw_devices xc7a50t_0]
set_property FULL_PROBES.FILE {} [get_hw_devices xc7a50t_0]
set_property PROGRAM.FILE {C:/Users/bobbo/Documents/5_Cronometro/5_Cronometro.runs/impl_1/cronometro_con_display.bit} [get_hw_devices xc7a50t_0]
program_hw_devices [get_hw_devices xc7a50t_0]
refresh_hw_device [lindex [get_hw_devices xc7a50t_0] 0]
close_hw_manager
reset_run synth_1
launch_runs impl_1 -to_step write_bitstream -jobs 12
wait_on_run impl_1
reset_run synth_1
launch_runs impl_1 -to_step write_bitstream -jobs 12
wait_on_run impl_1
open_hw_manager
connect_hw_server -allow_non_jtag
open_hw_target
set_property PROGRAM.FILE {C:/Users/bobbo/Documents/5_Cronometro/5_Cronometro.runs/impl_1/cronometro_con_display.bit} [get_hw_devices xc7a50t_0]
current_hw_device [get_hw_devices xc7a50t_0]
refresh_hw_device -update_hw_probes false [lindex [get_hw_devices xc7a50t_0] 0]
set_property PROBES.FILE {} [get_hw_devices xc7a50t_0]
set_property FULL_PROBES.FILE {} [get_hw_devices xc7a50t_0]
set_property PROGRAM.FILE {C:/Users/bobbo/Documents/5_Cronometro/5_Cronometro.runs/impl_1/cronometro_con_display.bit} [get_hw_devices xc7a50t_0]
program_hw_devices [get_hw_devices xc7a50t_0]
refresh_hw_device [lindex [get_hw_devices xc7a50t_0] 0]
