#-----------------------------------------------------------
# Vivado v2022.1 (64-bit)
# SW Build 3526262 on Mon Apr 18 15:48:16 MDT 2022
# IP Build 3524634 on Mon Apr 18 20:55:01 MDT 2022
# Start of session at: Wed Nov 30 11:08:31 2022
# Process ID: 6324
# Current directory: C:/Users/bobbo/Documents/esercizi-di-architettura-e-sistemi-digitali/5_Cronometro
# Command line: vivado.exe -gui_launcher_event rodinguilauncherevent21468 C:\Users\bobbo\Documents\esercizi-di-architettura-e-sistemi-digitali\5_Cronometro\5_Cronometro.xpr
# Log file: C:/Users/bobbo/Documents/esercizi-di-architettura-e-sistemi-digitali/5_Cronometro/vivado.log
# Journal file: C:/Users/bobbo/Documents/esercizi-di-architettura-e-sistemi-digitali/5_Cronometro\vivado.jou
# Running On: DESKTOP-KMOCJAH, OS: Windows, CPU Frequency: 2304 MHz, CPU Physical cores: 4, Host memory: 8442 MB
#-----------------------------------------------------------
start_gui
open_project C:/Users/bobbo/Documents/esercizi-di-architettura-e-sistemi-digitali/5_Cronometro/5_Cronometro.xpr
update_compile_order -fileset sources_1
launch_simulation
source Cronometro_tb.tcl
update_compile_order -fileset sources_1
close_sim
launch_simulation
source Cronometro_tb.tcl
update_compile_order -fileset sources_1
close_sim
launch_simulation
source Cronometro_tb.tcl
close_sim
launch_simulation
source Cronometro_tb.tcl
close_sim
